cargo :    Compiling element-selector v1.1.0 (D:\repos\uia-project\win-element-selector-rs)
所在位置 行:1 字符: 213
+ ... t\win-element-selector-rs; cargo test --lib 2>test_output.txt; type t ...
+                                ~~~~~~~~~~~~~~~~~~~~~~~~~~~~~~~~~~
    + CategoryInfo          : NotSpecified: (   Compiling el...nt-selector-rs):String) [], RemoteException
    + FullyQualifiedErrorId : NativeCommandError
 
warning: use of deprecated unit variant `core::model::CaptureMode::Fast`: Use CaptureMode::Normal instead. Will be remo
ved in v2.0.0
    --> src\core\model.rs:1622:40
     |
1622 |             capture_mode: CaptureMode::Fast,
     |                                        ^^^^
     |
     = note: `#[warn(deprecated)]` on by default

warning: use of deprecated unit variant `core::model::CaptureMode::Fast`: Use CaptureMode::Normal instead. Will be remo
ved in v2.0.0
    --> src\core\model.rs:1645:40
     |
1645 |             capture_mode: CaptureMode::Fast,
     |                                        ^^^^

warning: use of deprecated function `core::uia::find::find_by_xpath_with_fallback`: Use `execute_xpath_steps` instead. 
This function uses implicit fallback chains that violate the 'no-auto-fallback' principle.
   --> src\core\uia\validation.rs:183:23
    |
183 |                 match find_by_xpath_with_fallback(&auto, &child_elem, &child_xpath, effective_timeout) {
    |                       ^^^^^^^^^^^^^^^^^^^^^^^^^^^

warning: use of deprecated function `core::uia::find::find_by_xpath_with_fallback`: Use `execute_xpath_steps` instead. 
This function uses implicit fallback chains that violate the 'no-auto-fallback' principle.
   --> src\core\uia\validation.rs:319:15
    |
319 |         match find_by_xpath_with_fallback(&auto, search_root, element_xpath, effective_timeout) {
    |               ^^^^^^^^^^^^^^^^^^^^^^^^^^^

warning: use of deprecated function `core::uia::find::find_by_xpath_with_fallback`: Use `execute_xpath_steps` instead. 
This function uses implicit fallback chains that violate the 'no-auto-fallback' principle.
  --> src\core\uia\window.rs:62:36
   |
62 |         if let Ok((elements, _)) = find_by_xpath_with_fallback(&auto, window_element, xpath, 5000) {
   |                                    ^^^^^^^^^^^^^^^^^^^^^^^^^^^

warning: use of deprecated function `core::uia::find::find_by_xpath_with_fallback`: Use `execute_xpath_steps` instead. 
This function uses implicit fallback chains that violate the 'no-auto-fallback' principle.
  --> src\core\uia\element.rs:13:15
   |
13 |         match find_by_xpath_with_fallback(&auto, window_element, xpath, 5000) {
   |               ^^^^^^^^^^^^^^^^^^^^^^^^^^^

warning: use of deprecated function `core::uia::find::find_by_xpath_with_fallback`: Use `execute_xpath_steps` instead. 
This function uses implicit fallback chains that violate the 'no-auto-fallback' principle.
  --> src\core\uia\element.rs:73:15
   |
73 |         match find_by_xpath_with_fallback(&auto, window_element, xpath, 5000) {
   |               ^^^^^^^^^^^^^^^^^^^^^^^^^^^

warning: use of deprecated function `core::uia::find::find_by_xpath_with_fallback`: Use `execute_xpath_steps` instead. 
This function uses implicit fallback chains that violate the 'no-auto-fallback' principle.
   --> src\core\uia\element.rs:115:15
    |
115 |         match find_by_xpath_with_fallback(&auto, window_element, xpath, 5000) {
    |               ^^^^^^^^^^^^^^^^^^^^^^^^^^^

warning: use of deprecated function `core::uia::find::find_by_xpath_with_fallback_filtered`: Use `execute_xpath_steps_f
iltered` instead.
   --> src\core\uia\find.rs:462:5
    |
462 |     find_by_xpath_with_fallback_filtered(auto, window, xpath, &FindAllFilter::default(), Some(timeout_ms))
    |     ^^^^^^^^^^^^^^^^^^^^^^^^^^^^^^^^^^^^

warning: use of deprecated function `core::uia::find::find_by_xpath_with_fallback_filtered`: Use `execute_xpath_steps_f
iltered` instead.
    --> src\core\uia\find.rs:1760:43
     |
1760 | ...   let (elements, _) = match find_by_xpath_with_fallback_filtered(&auto, &child_elem, &child_xpath, &filter, 
timeout_ms) {
     |                                 ^^^^^^^^^^^^^^^^^^^^^^^^^^^^^^^^^^^^

warning: use of deprecated function `core::uia::find::find_by_xpath_with_fallback_filtered`: Use `execute_xpath_steps_f
iltered` instead.
    --> src\core\uia\find.rs:1803:35
     |
1803 |         let (elements, _) = match find_by_xpath_with_fallback_filtered(&auto, window, element_xpath_no_suffix, &
filter, timeout_ms) {
     |                                   ^^^^^^^^^^^^^^^^^^^^^^^^^^^^^^^^^^^^

warning: use of deprecated function `core::uia::find::find_by_xpath_with_fallback`: Use `execute_xpath_steps` instead. 
This function uses implicit fallback chains that violate the 'no-auto-fallback' principle.
  --> src\core\uia\navigation.rs:24:36
   |
24 |         if let Ok((elements, _)) = find_by_xpath_with_fallback(&auto, window, base_xpath, 5000) {
   |                                    ^^^^^^^^^^^^^^^^^^^^^^^^^^^

warning: use of deprecated function `core::uia::find::find_by_xpath_with_fallback`: Use `execute_xpath_steps` instead. 
This function uses implicit fallback chains that violate the 'no-auto-fallback' principle.
   --> src\core\uia\navigation.rs:184:36
    |
184 |         if let Ok((elements, _)) = find_by_xpath_with_fallback(&auto, win, container_xpath, 5000) {
    |                                    ^^^^^^^^^^^^^^^^^^^^^^^^^^^

warning: use of deprecated function `core::uia::find::find_by_xpath_with_fallback`: Use `execute_xpath_steps` instead. 
This function uses implicit fallback chains that violate the 'no-auto-fallback' principle.
   --> src\core\uia\inspect.rs:185:44
    |
185 |                 if let Ok((elements, _)) = find_by_xpath_with_fallback(&auto, &child_elem, &child_xpath, 5000) {
    |                                            ^^^^^^^^^^^^^^^^^^^^^^^^^^^

warning: use of deprecated function `core::uia::find::find_by_xpath_with_fallback`: Use `execute_xpath_steps` instead. 
This function uses implicit fallback chains that violate the 'no-auto-fallback' principle.
   --> src\core\uia\inspect.rs:198:40
    |
198 |             if let Ok((elements, _)) = find_by_xpath_with_fallback(&auto, window, element_xpath, 5000) {
    |                                        ^^^^^^^^^^^^^^^^^^^^^^^^^^^

warning: unused variable: `timeout_ms`
   --> src\core\uia\find.rs:471:5
    |
471 |     timeout_ms: Option<u64>,
    |     ^^^^^^^^^^ help: if this is intentional, prefix it with an underscore: `_timeout_ms`
    |
    = note: `#[warn(unused_variables)]` (part of `#[warn(unused)]`) on by default

warning: variants `DescendantContentRoot` and `DescendantWindowRoot` are never constructed
  --> src\core\uia\cache.rs:26:5
   |
 7 | pub(super) enum CompiledStrategy {
   |                 ---------------- variants in this enum
...
26 |     DescendantContentRoot,
   |     ^^^^^^^^^^^^^^^^^^^^^
27 |     /// //XPath descendant: uiauto-xpath from window root
28 |     DescendantWindowRoot,
   |     ^^^^^^^^^^^^^^^^^^^^
   |
   = note: `CompiledStrategy` has derived impls for the traits `Clone` and `Debug`, but these are intentionally ignored
 during dead code analysis
   = note: `#[warn(dead_code)]` (part of `#[warn(unused)]`) on by default

warning: function `execute_xpath_steps` is never used
  --> src\core\uia\find.rs:44:15
   |
44 | pub(super) fn execute_xpath_steps(
   |               ^^^^^^^^^^^^^^^^^^^

warning: function `execute_xpath_steps_filtered` is never used
  --> src\core\uia\find.rs:57:15
   |
57 | pub(super) fn execute_xpath_steps_filtered(
   |               ^^^^^^^^^^^^^^^^^^^^^^^^^^^^

warning: function `execute_cached_strategy` is never used
   --> src\core\uia\find.rs:247:4
    |
247 | fn execute_cached_strategy(
    |    ^^^^^^^^^^^^^^^^^^^^^^^

warning: function `execute_direct_child` is never used
   --> src\core\uia\find.rs:323:4
    |
323 | fn execute_direct_child(
    |    ^^^^^^^^^^^^^^^^^^^^

warning: function `execute_descendant_fast` is never used
   --> src\core\uia\find.rs:350:4
    |
350 | fn execute_descendant_fast(
    |    ^^^^^^^^^^^^^^^^^^^^^^^

warning: function `execute_descendant_full` is never used
   --> src\core\uia\find.rs:378:4
    |
378 | fn execute_descendant_full(
    |    ^^^^^^^^^^^^^^^^^^^^^^^

warning: function `apply_positional_and_search_mode` is never used
   --> src\core\uia\find.rs:434:4
    |
434 | fn apply_positional_and_search_mode(
    |    ^^^^^^^^^^^^^^^^^^^^^^^^^^^^^^^^

warning: function `find_with_depth_limit` is never used
    --> src\core\uia\find.rs:1156:15
     |
1156 | pub(super) fn find_with_depth_limit(
     |               ^^^^^^^^^^^^^^^^^^^^^

warning: function `find_with_depth_limit_timeout` is never used
    --> src\core\uia\find.rs:1229:15
     |
1229 | pub(super) fn find_with_depth_limit_timeout(
     |               ^^^^^^^^^^^^^^^^^^^^^^^^^^^^^

warning: function `find_from_element_convert` is never used
    --> src\core\uia\find.rs:1932:4
     |
1932 | fn find_from_element_convert(
     |    ^^^^^^^^^^^^^^^^^^^^^^^^^

warning: `element-selector` (lib test) generated 27 warnings (run `cargo fix --lib -p element-selector --tests` to appl
y 1 suggestion)
    Finished `test` profile [optimized + debuginfo] target(s) in 4.12s
     Running unittests src\lib.rs (target\debug\deps\element_selector-2c3847253140ddbf.exe)
